[1;97m Welcome to ForceBalance version 0.11.0! =D[0m
Reading options from file: 03_test_grad.in
Reading force field from file: water.itp
Determining file type of water.itp ... Guessing from extension (you may specify type with filename:type) ... guessing itp -> gmx!

###########################################################
###[92m Starting parameter indices, physical values and IDs [0m###
###########################################################
   0 [  3.1537e-01 ] : VDWSOW
   1 [  6.4852e-01 ] : VDWTOW
   2 [  9.5720e-02 ] : BONDSBHWOW
   3 [  5.0242e+05 ] : BONDSKHWOW
   4 [  1.0452e+02 ] : ANGLESBHWOWHW
   5 [  6.2802e+02 ] : ANGLESKHWOWHW
   6 [  5.2000e-01 ] : COULHW1 COULHW2
   7 [ -1.0400e+00 ] : COULMW
   8 [  1.2800e-01 ] : VSITE3B4 VSITE3A4
-----------------------------------------------------------

##########################################################
###[91m  Rescaling Factors for Different Parameter Types:  [0m###
##########################################################
   ANGLESB          : 5.72958e+01
   ANGLESK          : 6.05928e+02
   BONDSB           : 5.29177e-02
   BONDSK           : 9.37583e+05
   COUL             : 1.00000e+00
   VDWS             : 5.29177e-02
   VDWT             : 2.47894e+00
   VSITE3A          : 5.29177e-02
   VSITE3B          : 5.29177e-02
----------------------------------------------------------

##########################################################
###[92m    Setup for fitting simulation water12_sixpt :    [0m###
##########################################################
batch_fd                  0 
covariance                False 
efweight                  0.5 
fd_ptypes                 ['VSITE'] 
fdgrad                    False 
fdhess                    False 
fdhessdiag                True 
fitatoms                  0 
name                      water12_sixpt 
qmboltz                   0.0 
qmboltztemp               298.15 
sampcorr                  0 
shots                     300 
simtype                   FORCEENERGYMATCH_GMX 
use_pvals                 0 
weight                    1.0 
whamboltz                 0 
----------------------------------------------------------

##########################################################
###[92m   Setup for fitting simulation water12_fourpt :    [0m###
##########################################################
batch_fd                  0 
covariance                False 
efweight                  0.5 
fd_ptypes                 ['VSITE'] 
fdgrad                    False 
fdhess                    False 
fdhessdiag                True 
fitatoms                  0 
name                      water12_fourpt 
qmboltz                   0.0 
qmboltztemp               298.15 
sampcorr                  0 
shots                     300 
simtype                   FORCEENERGYMATCH_GMX 
use_pvals                 0 
weight                    1.0 
whamboltz                 0 
----------------------------------------------------------

##########################################################
###[92m                Setup for optimizer                 [0m###
##########################################################
backup                    True 
convergence_gradient      0.0001 
convergence_objective     1e-06 
convergence_step          1e-06 
eig_lowerbound            0.0001 
ffdir                     forcefield 
finite_difference_h       0.0001 
forcefield                ['water.itp'] 
gmxpath                   /home/leeping/opt/gromacs-4.0.7-x2/bin 
gmxrunpath                None 
gmxsuffix                  
gmxtoolpath               None 
jobtype                   FDCHECKG 
maxstep                   100 
penalty_additive          0.0 
penalty_multiplicative    0.01 
penalty_type              L2 
read_mvals                None 
read_pvals                None 
readchk                   None 
root                      /home/leeping/src/forcebalance/test/001_water12_tip4p 
scan_vals                 None 
scanindex_name            [] 
scanindex_num             [] 
trust0                    0.01 
writechk                  None 
writechk_step             0 
----------------------------------------------------------
GMX: temp/water12_sixptfdwrap: get_X [8] = -1.0e-04 GMX: temp/water12_sixptfdwrap: get_X [8] =  1.0e-04 GMX: temp/water12_sixptGMX: temp/water12_fourptfdwrap: get_X [8] = -1.0e-04 GMX: temp/water12_fourptfdwrap: get_X [8] =  1.0e-04 GMX: temp/water12_fourpt
#######################################################################################################
###[95m                        Checking first derivatives by finite difference!                         [0m###
###[95m Index   Parameter ID                            Analytic    Numerical   Difference   Fractional [0m###
#######################################################################################################
fdwrap: Objective [0] = -2.0e-04 GMX: temp/water12_sixptGMX: temp/water12_fourptfdwrap: Objective [0] = -1.0e-04 GMX: temp/water12_sixptGMX: temp/water12_fourptfdwrap: Objective [0] =  1.0e-04 GMX: temp/water12_sixptGMX: temp/water12_fourptfdwrap: Objective [0] =  2.0e-04 GMX: temp/water12_sixptGMX: temp/water12_fourpt    0                                    VDWSOW   2.8589e-01   2.8589e-01[92m  -3.6692e-10[92m  -1.2834e-09[0m
fdwrap: Objective [1] = -2.0e-04 GMX: temp/water12_sixptGMX: temp/water12_fourptfdwrap: Objective [1] = -1.0e-04 GMX: temp/water12_sixptGMX: temp/water12_fourptfdwrap: Objective [1] =  1.0e-04 GMX: temp/water12_sixptGMX: temp/water12_fourptfdwrap: Objective [1] =  2.0e-04 GMX: temp/water12_sixptGMX: temp/water12_fourpt    1                                    VDWTOW   4.1611e-01   4.1611e-01[92m   7.3913e-10[92m   1.7763e-09[0m
fdwrap: Objective [2] = -2.0e-04 GMX: temp/water12_sixptGMX: temp/water12_fourptfdwrap: Objective [2] = -1.0e-04 GMX: temp/water12_sixptGMX: temp/water12_fourptfdwrap: Objective [2] =  1.0e-04 GMX: temp/water12_sixptGMX: temp/water12_fourptfdwrap: Objective [2] =  2.0e-04 GMX: temp/water12_sixptGMX: temp/water12_fourpt    2                                BONDSBHWOW   1.5592e+01   1.5592e+01[92m  -9.3497e-10[92m  -5.9965e-11[0m
fdwrap: Objective [3] = -2.0e-04 GMX: temp/water12_sixptGMX: temp/water12_fourptfdwrap: Objective [3] = -1.0e-04 GMX: temp/water12_sixptGMX: temp/water12_fourptfdwrap: Objective [3] =  1.0e-04 GMX: temp/water12_sixptGMX: temp/water12_fourptfdwrap: Objective [3] =  2.0e-04 GMX: temp/water12_sixptGMX: temp/water12_fourpt    3                                BONDSKHWOW   3.5283e-01   3.5283e-01[92m   3.9198e-10[92m   1.1110e-09[0m
fdwrap: Objective [4] = -2.0e-04 GMX: temp/water12_sixptGMX: temp/water12_fourptfdwrap: Objective [4] = -1.0e-04 GMX: temp/water12_sixptGMX: temp/water12_fourptfdwrap: Objective [4] =  1.0e-04 GMX: temp/water12_sixptGMX: temp/water12_fourptfdwrap: Objective [4] =  2.0e-04 GMX: temp/water12_sixptGMX: temp/water12_fourpt    4                             ANGLESBHWOWHW  -9.3239e+00  -9.3239e+00[92m   1.0548e-07[92m   1.1313e-08[0m
fdwrap: Objective [5] = -2.0e-04 GMX: temp/water12_sixptGMX: temp/water12_fourptfdwrap: Objective [5] = -1.0e-04 GMX: temp/water12_sixptGMX: temp/water12_fourptfdwrap: Objective [5] =  1.0e-04 GMX: temp/water12_sixptGMX: temp/water12_fourptfdwrap: Objective [5] =  2.0e-04 GMX: temp/water12_sixptGMX: temp/water12_fourpt    5                             ANGLESKHWOWHW   1.5385e-01   1.5385e-01[92m  -1.6286e-10[92m  -1.0585e-09[0m
fdwrap: Objective [6] = -2.0e-04 GMX: temp/water12_sixptGMX: temp/water12_fourptfdwrap: Objective [6] = -1.0e-04 GMX: temp/water12_sixptGMX: temp/water12_fourptfdwrap: Objective [6] =  1.0e-04 GMX: temp/water12_sixptGMX: temp/water12_fourptfdwrap: Objective [6] =  2.0e-04 GMX: temp/water12_sixptGMX: temp/water12_fourpt    6                           COULHW1 COULHW2   0.0000e+00   9.2519e-14[92m  -9.2519e-14[92m  -9.2519e-06[0m
fdwrap: Objective [7] = -2.0e-04 GMX: temp/water12_sixptGMX: temp/water12_fourptfdwrap: Objective [7] = -1.0e-04 GMX: temp/water12_sixptGMX: temp/water12_fourptfdwrap: Objective [7] =  1.0e-04 GMX: temp/water12_sixptGMX: temp/water12_fourptfdwrap: Objective [7] =  2.0e-04 GMX: temp/water12_sixptGMX: temp/water12_fourpt    7                                    COULMW  -4.7865e-01  -4.7865e-01[92m  -2.4218e-10[92m  -5.0597e-10[0m
fdwrap: Objective [8] = -2.0e-04 GMX: temp/water12_sixptGMX: temp/water12_fourptfdwrap: Objective [8] = -1.0e-04 GMX: temp/water12_sixptGMX: temp/water12_fourptfdwrap: Objective [8] =  1.0e-04 GMX: temp/water12_sixptGMX: temp/water12_fourptfdwrap: Objective [8] =  2.0e-04 GMX: temp/water12_sixptGMX: temp/water12_fourpt    8                         VSITE3B4 VSITE3A4  -1.1070e-01  -1.1070e-01[92m  -2.3338e-11[92m  -2.1082e-10[0m
